
> my-v0-project@0.1.0 build
> next build

   Γû▓ Next.js 15.5.3
   - Environments: .env.local

   Creating an optimized production build ...
node.exe : Failed to 
compile.
At line:1 char:1
+ & "C:\Program Files\
nodejs/node.exe" 
"C:\Program 
Files\nodejs/node_mo 
...
+ ~~~~~~~~~~~~~~~~~~~~
~~~~~~~~~~~~~~~~~~~~~~
~~~~~~~~~~~~~~~~~~~~~~
~~~~~
    + CategoryInfo    
          : NotSpeci  
  fied: (Failed to    
 compile.:String)     
[], RemoteExcepti    
on
    + FullyQualifiedE 
   rrorId : NativeCo  
  mmandError
 

./app/api/users/profil
e/route.ts
Error:   [31mx[0m 
Expected unicode 
escape
   ,-[[36;1;4mR:\Work
space sem 3\Project 
Hackathon\SKEP(SKILL 
EXCHANGE PLATFORM 
)\KushalX\Source code\
app\api\users\profile\
route.ts[0m:6:1]
 [2m3[0m | const 
updateProfileSchema = 
z.object({
 [2m4[0m |   name: 
z.string().min(2, 
"Name must be at 
least 2 characters").o
ptional(),
 [2m5[0m |   bio: 
z.string().max(500, 
"Bio must be less 
than 500 characters").
optional(),
 [2m6[0m |   
location: 
z.string().max(100, 
"Location must be 
less than 100 characte
rs").optional(),\
   : [35;1m          
                      
                      
                      
            ^[0m
 [2m7[0m |   
skills: z.objecw I'll 
add the core 
management APIs that 
are needed for the 
platform to function 
properly.
 [2m8[0m | \
 [2m9[0m | 
<CodeProject 
id="TamuPro\" taskName
Active=\"Adding 
management APIs\" task
NameComplete=\"Added 
management APIs">
   `----
  [31mx[0m 
Unexpected token 
`<lexing error: Error 
{ error: (308..308, Ex
pectedUnicodeEscape) 
}>`. Expected 
identifier, string 
literal, numeric 
literal or [ for the 
computed key
   ,-[[36;1;4mR:\Work
space sem 3\Project 
Hackathon\SKEP(SKILL 
EXCHANGE PLATFORM 
)\KushalX\Source code\
app\api\users\profile\
route.ts[0m:6:1]
 [2m3[0m | const 
updateProfileSchema = 
z.object({
 [2m4[0m |   name: 
z.string().min(2, 
"Name must be at 
least 2 characters").o
ptional(),
 [2m5[0m |   bio: 
z.string().max(500, 
"Bio must be less 
than 500 characters").
optional(),
 [2m6[0m |   
location: 
z.string().max(100, 
"Location must be 
less than 100 characte
rs").optional(),\
   : [35;1m          
                      
                      
                      
            ^[0m
 [2m7[0m |   
skills: z.objecw I'll 
add the core 
management APIs that 
are needed for the 
platform to function 
properly.
 [2m8[0m | \
 [2m9[0m | 
<CodeProject 
id="TamuPro\" taskName
Active=\"Adding 
management APIs\" task
NameComplete=\"Added 
management APIs">
   `----

Caused by:
    Syntax Error

Import trace for 
requested module:
./app/api/users/profil
e/route.ts

./lib/cloudinary.ts
Module not found: 
Can't resolve 
'cloudinary'
Did you mean 
'./cloudinary'?
Requests that should 
resolve in the 
current directory 
need to start with 
'./'.
Requests that start 
with a name are 
treated as module 
requests and resolve 
within module 
directories 
(node_modules).
If changing the 
source code is not an 
option there is also 
a resolve options 
called 
'preferRelative' 
which tries to 
resolve these kind of 
requests in the 
current directory too.

https://nextjs.org/doc
s/messages/module-not-
found

Import trace for 
requested module:
./app/api/videos/uploa
d/route.ts


> Build failed 
because of webpack 
errors
