
> my-v0-project@0.1.0 build
> next build

   Γû▓ Next.js 15.5.3
   - Environments: .env.local

   Creating an optimized production build ...
node.exe : [baseline-b
rowser-mapping] The 
data in this module 
is over two months 
old.  To ensure 
accurate Baseline 
data, please update: 
`npm i baseline-browse
r-mapping@latest -D`
At line:1 char:1
+ & "C:\Program Files\
nodejs/node.exe" 
"C:\Program 
Files\nodejs/node_mo 
...
+ ~~~~~~~~~~~~~~~~~~~~
~~~~~~~~~~~~~~~~~~~~~~
~~~~~~~~~~~~~~~~~~~~~~
~~~~~
    + CategoryInfo    
          : NotSpeci  
  fied: ([baseline-   
 brows...ping@late    
st -D`:String) []    
, RemoteException
    + FullyQualifiedE 
   rrorId : NativeCo  
  mmandError
 
 Γ£ô Compiled successfully in 20.0s
   Linting and checking validity of types ...
 Γ¿» ESLint: Invalid 
Options: - Unknown 
options: useEslintrc, 
extensions - 
'extensions' has been 
removed.
Failed to compile.

./app/api/messages/[co
nversationId]/route.ts
:51:51
Type error: 
'session.user' is 
possibly 'undefined'.

[0m [90m 49 |[39m  
           }
 [90m 50 |[39m      
       [33m:[39m [3
6mnull[39m[33m,[39m
[31m[1m>[22m[39m[
90m 51 |[39m         
  isMine[33m:[39m me
ssage[33m.[39msender
Id[33m.[39mtoString(
) [33m===[39m sessio
n[33m.[39muser[33m.
[39mid[33m,[39m
 [90m    |[39m      
                      
                      
 [31m[1m^[22m[39m
 [90m 52 |[39m      
   }
 [90m 53 |[39m      
 })[33m,[39m
 [90m 54 |[39m     
)[0m
Next.js build worker 
exited with code: 1 
and signal: null
