app/api/auth/register/route.ts(26,11): error TS2741: Property 'kaushalTokenBalance' is missing in type '{ email: string; password: string; name: string; bio: string; location: string; skills: { offered: never[]; wanted: never[]; }; skillCredits: number; level: number; badges: { id: string; name: string; description: string; icon: string; earnedAt: Date; category: "special"; }[]; ... 5 more ...; preferences: { ...; }; }' but required in type 'Omit<User, "_id" | "createdAt" | "updatedAt">'.
app/marketplace/page.tsx(206,45): error TS2367: This comparison appears to be unintentional because the types '"Beginner" | "Intermediate"' and '"Expert"' have no overlap.
